<html>
<body>
<pre>
<h1>µVision Build Log</h1>
<h2>Tool Versions:</h2>
IDE-Version: µVision V5.22.0.0
Copyright (C) 2016 ARM Ltd and ARM Germany GmbH. All rights reserved.
License Information: ASSISTANCE DSI INSA Rennes Flex license: MDK-ARM Professional: 100 user(s) (mdk_pro) Operation stops: 19 Jan 2024
 
Tool Versions:
Toolchain:       MDK-ARM Professional: 100 user(s)  Version: 5.22
Toolchain Path:  c:\Keil_v5\ARM\ARMCC\Bin
C Compiler:      Armcc.exe V5.06 update 4 (build 422)
Assembler:       Armasm.exe V5.06 update 4 (build 422)
Linker/Locator:  ArmLink.exe V5.06 update 4 (build 422)
Library Manager: ArmAr.exe V5.06 update 4 (build 422)
Hex Converter:   FromElf.exe V5.06 update 4 (build 422)
CPU DLL:         SARMCM3.DLL V5.22
Dialog DLL:      DCM.DLL V1.13.9.0
Target DLL:      STLink\ST-LINKIII-KEIL_SWO.dll V2.0.18.0
Dialog DLL:      TCM.DLL V1.21.0.0
 
<h2>Project:</h2>
H:\S7\PI\ProjetInnovAnemometre-main\MDK-ARM\project_anemometer.uvprojx
Project File Date:  02/07/2023

<h2>Output:</h2>
*** Using Compiler 'V5.06 update 4 (build 422)', folder: 'c:\Keil_v5\ARM\ARMCC\Bin'
Rebuild target 'project_anemometer'
assembling startup_stm32f446xx.s...
compiling stm32f4xx_it.c...
compiling stm32f4xx_hal_msp.c...
compiling main.c...
../Src/main.c(84): warning:  #1295-D: Deprecated declaration getTension - give arg types
  float getTension();
../Src/main.c(86): warning:  #1295-D: Deprecated declaration getPWM - give arg types
  int getPWM();
../Src/main.c(542): warning:  #1035-D: single-precision operand implicitly converted to double-precision
  		voltage = ((float)raw * (3.3))/(float)4095;
../Src/main.c(559): warning:  #1035-D: single-precision operand implicitly converted to double-precision
  	float inter = tension-0.550;
../Src/main.c(562): warning:  #1035-D: single-precision operand implicitly converted to double-precision
  	return (inter)*126.3;
../Src/main.c: 5 warnings, 0 errors
compiling stm32f4xx_hal_adc_ex.c...
compiling stm32f4xx_hal_adc.c...
compiling stm32f4xx_hal_spi.c...
compiling stm32f4xx_hal_tim.c...
compiling stm32f4xx_hal_flash.c...
compiling stm32f4xx_hal_tim_ex.c...
compiling stm32f4xx_hal_flash_ex.c...
compiling stm32f4xx_hal_gpio.c...
compiling stm32f4xx_hal_rcc.c...
compiling stm32f4xx_hal_flash_ramfunc.c...
compiling stm32f4xx_hal_rcc_ex.c...
compiling system_stm32f4xx.c...
compiling stm32f4xx_hal_cortex.c...
compiling stm32f4xx_hal.c...
compiling stm32f4xx_hal_pwr_ex.c...
compiling stm32f4xx_hal_pwr.c...
compiling stm32f4xx_hal_dma.c...
compiling stm32f4xx_hal_dma_ex.c...
linking...
Program Size: Code=8620 RO-data=512 RW-data=16 ZI-data=1320  
FromELF: creating hex file...
"project_anemometer\project_anemometer.axf" - 0 Error(s), 5 Warning(s).

<h2>Software Packages used:</h2>

Package Vendor: ARM
                http://www.keil.com/pack/ARM.CMSIS.5.0.1.pack
                ARM::CMSIS:CORE:5.0.1
                CMSIS (Cortex Microcontroller Software Interface Standard)
   * Component: CORE Version: 5.0.1

<h2>Collection of Component include folders:</h2>
  H:\S7\PI\ProjetInnovAnemometre-main\MDK-ARM\RTE\_project_anemometer
  C:\Keil_v5\ARM\PACK\ARM\CMSIS\5.0.1\CMSIS\Include
  C:\Keil_v5\ARM\PACK\Keil\STM32F4xx_DFP\2.11.0\Drivers\CMSIS\Device\ST\STM32F4xx\Include

<h2>Collection of Component Files used:</h2>

   * Component: ARM::CMSIS:CORE:5.0.1
Build Time Elapsed:  00:00:26
</pre>
</body>
</html>
